// Jest Snapshot v1, https://goo.gl/fbAQLP

exports[`sitemap - advanced configuration external options custom base from router.base 1`] = `"<?xml version=\\"1.0\\" encoding=\\"UTF-8\\"?><urlset xmlns=\\"http://www.sitemaps.org/schemas/sitemap/0.9\\" xmlns:news=\\"http://www.google.com/schemas/sitemap-news/0.9\\" xmlns:xhtml=\\"http://www.w3.org/1999/xhtml\\" xmlns:mobile=\\"http://www.google.com/schemas/sitemap-mobile/1.0\\" xmlns:image=\\"http://www.google.com/schemas/sitemap-image/1.1\\" xmlns:video=\\"http://www.google.com/schemas/sitemap-video/1.1\\"><url><loc>https://example.com/base/child</loc></url><url><loc>https://example.com/base/exclude</loc></url><url><loc>https://example.com/base/filtered</loc></url><url><loc>https://example.com/base/parent/child/subchild</loc></url><url><loc>https://example.com/base/parent/child</loc></url><url><loc>https://example.com/base/parent</loc></url><url><loc>https://example.com/base/sub</loc></url><url><loc>https://example.com/base/sub/sub</loc></url><url><loc>https://example.com/base/</loc></url></urlset>"`;

exports[`sitemap - generate mode sitemap.xml 1`] = `"<?xml version=\\"1.0\\" encoding=\\"UTF-8\\"?><urlset xmlns=\\"http://www.sitemaps.org/schemas/sitemap/0.9\\" xmlns:news=\\"http://www.google.com/schemas/sitemap-news/0.9\\" xmlns:xhtml=\\"http://www.w3.org/1999/xhtml\\" xmlns:mobile=\\"http://www.google.com/schemas/sitemap-mobile/1.0\\" xmlns:image=\\"http://www.google.com/schemas/sitemap-image/1.1\\" xmlns:video=\\"http://www.google.com/schemas/sitemap-video/1.1\\"><url><loc>https://example.com/child</loc></url><url><loc>https://example.com/filtered</loc></url><url><loc>https://example.com/parent/child/subchild</loc></url><url><loc>https://example.com/parent/child</loc></url><url><loc>https://example.com/parent</loc></url><url><loc>https://example.com/sub</loc></url><url><loc>https://example.com/sub/sub</loc></url><url><loc>https://example.com/</loc></url></urlset>"`;

exports[`sitemap - minimal configuration sitemap.xml 1`] = `"<?xml version=\\"1.0\\" encoding=\\"UTF-8\\"?><urlset xmlns=\\"http://www.sitemaps.org/schemas/sitemap/0.9\\" xmlns:news=\\"http://www.google.com/schemas/sitemap-news/0.9\\" xmlns:xhtml=\\"http://www.w3.org/1999/xhtml\\" xmlns:mobile=\\"http://www.google.com/schemas/sitemap-mobile/1.0\\" xmlns:image=\\"http://www.google.com/schemas/sitemap-image/1.1\\" xmlns:video=\\"http://www.google.com/schemas/sitemap-video/1.1\\"><url><loc>https://example.com/child</loc></url><url><loc>https://example.com/exclude</loc></url><url><loc>https://example.com/filtered</loc></url><url><loc>https://example.com/parent/child/subchild</loc></url><url><loc>https://example.com/parent/child</loc></url><url><loc>https://example.com/parent</loc></url><url><loc>https://example.com/sub</loc></url><url><loc>https://example.com/sub/sub</loc></url><url><loc>https://example.com/</loc></url></urlset>"`;

exports[`sitemap - multiple configuration sitemap-bar.xml 1`] = `"<?xml version=\\"1.0\\" encoding=\\"UTF-8\\"?><urlset xmlns=\\"http://www.sitemaps.org/schemas/sitemap/0.9\\" xmlns:news=\\"http://www.google.com/schemas/sitemap-news/0.9\\" xmlns:xhtml=\\"http://www.w3.org/1999/xhtml\\" xmlns:mobile=\\"http://www.google.com/schemas/sitemap-mobile/1.0\\" xmlns:image=\\"http://www.google.com/schemas/sitemap-image/1.1\\" xmlns:video=\\"http://www.google.com/schemas/sitemap-video/1.1\\"><url><loc>https://example.org/child</loc></url><url><loc>https://example.org/exclude</loc></url><url><loc>https://example.org/filtered</loc></url><url><loc>https://example.org/parent/child/subchild</loc></url><url><loc>https://example.org/parent/child</loc></url><url><loc>https://example.org/parent</loc></url><url><loc>https://example.org/sub</loc></url><url><loc>https://example.org/sub/sub</loc></url><url><loc>https://example.org/</loc></url></urlset>"`;

exports[`sitemap - multiple configuration sitemap-foo.xml 1`] = `"<?xml version=\\"1.0\\" encoding=\\"UTF-8\\"?><urlset xmlns=\\"http://www.sitemaps.org/schemas/sitemap/0.9\\" xmlns:news=\\"http://www.google.com/schemas/sitemap-news/0.9\\" xmlns:xhtml=\\"http://www.w3.org/1999/xhtml\\" xmlns:mobile=\\"http://www.google.com/schemas/sitemap-mobile/1.0\\" xmlns:image=\\"http://www.google.com/schemas/sitemap-image/1.1\\" xmlns:video=\\"http://www.google.com/schemas/sitemap-video/1.1\\"><url><loc>https://example.com/child</loc></url><url><loc>https://example.com/exclude</loc></url><url><loc>https://example.com/filtered</loc></url><url><loc>https://example.com/parent/child/subchild</loc></url><url><loc>https://example.com/parent/child</loc></url><url><loc>https://example.com/parent</loc></url><url><loc>https://example.com/sub</loc></url><url><loc>https://example.com/sub/sub</loc></url><url><loc>https://example.com/</loc></url></urlset>"`;

exports[`sitemapindex - generate mode sitemap-bar.xml 1`] = `"<?xml version=\\"1.0\\" encoding=\\"UTF-8\\"?><urlset xmlns=\\"http://www.sitemaps.org/schemas/sitemap/0.9\\" xmlns:news=\\"http://www.google.com/schemas/sitemap-news/0.9\\" xmlns:xhtml=\\"http://www.w3.org/1999/xhtml\\" xmlns:mobile=\\"http://www.google.com/schemas/sitemap-mobile/1.0\\" xmlns:image=\\"http://www.google.com/schemas/sitemap-image/1.1\\" xmlns:video=\\"http://www.google.com/schemas/sitemap-video/1.1\\"><url><loc>https://example.fr/bar/1</loc></url><url><loc>https://example.fr/bar/2</loc></url><url><loc>https://example.fr/child</loc></url><url><loc>https://example.fr/exclude</loc></url><url><loc>https://example.fr/filtered</loc></url><url><loc>https://example.fr/parent/child/subchild</loc></url><url><loc>https://example.fr/parent/child</loc></url><url><loc>https://example.fr/parent</loc></url><url><loc>https://example.fr/sub</loc></url><url><loc>https://example.fr/sub/sub</loc></url><url><loc>https://example.fr/</loc></url></urlset>"`;

exports[`sitemapindex - generate mode sitemap-foo.xml 1`] = `"<?xml version=\\"1.0\\" encoding=\\"UTF-8\\"?><urlset xmlns=\\"http://www.sitemaps.org/schemas/sitemap/0.9\\" xmlns:news=\\"http://www.google.com/schemas/sitemap-news/0.9\\" xmlns:xhtml=\\"http://www.w3.org/1999/xhtml\\" xmlns:mobile=\\"http://www.google.com/schemas/sitemap-mobile/1.0\\" xmlns:image=\\"http://www.google.com/schemas/sitemap-image/1.1\\" xmlns:video=\\"http://www.google.com/schemas/sitemap-video/1.1\\"><url><loc>https://example.com/foo/1</loc></url><url><loc>https://example.com/foo/2</loc></url><url><loc>https://example.com/child</loc></url><url><loc>https://example.com/exclude</loc></url><url><loc>https://example.com/filtered</loc></url><url><loc>https://example.com/parent/child/subchild</loc></url><url><loc>https://example.com/parent/child</loc></url><url><loc>https://example.com/parent</loc></url><url><loc>https://example.com/sub</loc></url><url><loc>https://example.com/sub/sub</loc></url><url><loc>https://example.com/</loc></url></urlset>"`;

exports[`sitemapindex - generate mode sitemapindex.xml 1`] = `"<?xml version=\\"1.0\\" encoding=\\"UTF-8\\"?><sitemapindex xmlns=\\"http://www.sitemaps.org/schemas/sitemap/0.9\\"><sitemap><loc>https://example.com/sitemap-foo.xml</loc></sitemap><sitemap><loc>https://example.fr/sitemap-bar.xml</loc></sitemap></sitemapindex>"`;
